C:\Users\Lathitha\OneDrive - University of Pretoria\2026 (final year)\INF 370\FourierIT\FourierIT-API\FourierIT.API.Tests\FourierIT.API.Tests.csproj : warning NU1901: Package 'Moq' 4.20.0 has a known low severity vulnerability, https://github.com/advisories/GHSA-6r78-m64m-qwcf
C:\Users\Lathitha\OneDrive - University of Pretoria\2026 (final year)\INF 370\FourierIT\FourierIT-API\FourierIT.API.Tests\FourierIT.API.Tests.csproj : warning NU1701: Package 'EntityFramework 6.1.0' was restored using '.NETFramework,Version=v4.6.1, .NETFramework,Version=v4.6.2, .NETFramework,Version=v4.7, .NETFramework,Version=v4.7.1, .NETFramework,Version=v4.7.2, .NETFramework,Version=v4.8, .NETFramework,Version=v4.8.1' instead of the project target framework 'net8.0'. This package may not be fully compatible with your project.
C:\Users\Lathitha\OneDrive - University of Pretoria\2026 (final year)\INF 370\FourierIT\FourierIT-API\FourierIT.API.Tests\FourierIT.API.Tests.csproj : warning NU1701: Package 'Microsoft.AspNet.Identity.Core 2.2.4' was restored using '.NETFramework,Version=v4.6.1, .NETFramework,Version=v4.6.2, .NETFramework,Version=v4.7, .NETFramework,Version=v4.7.1, .NETFramework,Version=v4.7.2, .NETFramework,Version=v4.8, .NETFramework,Version=v4.8.1' instead of the project target framework 'net8.0'. This package may not be fully compatible with your project.
C:\Users\Lathitha\OneDrive - University of Pretoria\2026 (final year)\INF 370\FourierIT\FourierIT-API\FourierIT.API.Tests\FourierIT.API.Tests.csproj : warning NU1701: Package 'Microsoft.AspNet.Identity.EntityFramework 2.2.4' was restored using '.NETFramework,Version=v4.6.1, .NETFramework,Version=v4.6.2, .NETFramework,Version=v4.7, .NETFramework,Version=v4.7.1, .NETFramework,Version=v4.7.2, .NETFramework,Version=v4.8, .NETFramework,Version=v4.8.1' instead of the project target framework 'net8.0'. This package may not be fully compatible with your project.
C:\Users\Lathitha\OneDrive - University of Pretoria\2026 (final year)\INF 370\FourierIT\FourierIT-API\FourierIT-API.csproj : warning NU1701: Package 'EntityFramework 6.1.0' was restored using '.NETFramework,Version=v4.6.1, .NETFramework,Version=v4.6.2, .NETFramework,Version=v4.7, .NETFramework,Version=v4.7.1, .NETFramework,Version=v4.7.2, .NETFramework,Version=v4.8, .NETFramework,Version=v4.8.1' instead of the project target framework 'net8.0'. This package may not be fully compatible with your project.
C:\Users\Lathitha\OneDrive - University of Pretoria\2026 (final year)\INF 370\FourierIT\FourierIT-API\FourierIT-API.csproj : warning NU1701: Package 'Microsoft.AspNet.Identity.Core 2.2.4' was restored using '.NETFramework,Version=v4.6.1, .NETFramework,Version=v4.6.2, .NETFramework,Version=v4.7, .NETFramework,Version=v4.7.1, .NETFramework,Version=v4.7.2, .NETFramework,Version=v4.8, .NETFramework,Version=v4.8.1' instead of the project target framework 'net8.0'. This package may not be fully compatible with your project.
C:\Users\Lathitha\OneDrive - University of Pretoria\2026 (final year)\INF 370\FourierIT\FourierIT-API\FourierIT-API.csproj : warning NU1701: Package 'Microsoft.AspNet.Identity.EntityFramework 2.2.4' was restored using '.NETFramework,Version=v4.6.1, .NETFramework,Version=v4.6.2, .NETFramework,Version=v4.7, .NETFramework,Version=v4.7.1, .NETFramework,Version=v4.7.2, .NETFramework,Version=v4.8, .NETFramework,Version=v4.8.1' instead of the project target framework 'net8.0'. This package may not be fully compatible with your project.
  FourierIT-API -> C:\Users\Lathitha\OneDrive - University of Pretoria\2026 (final year)\INF 370\FourierIT\FourierIT-API\bin\Debug\net8.0\FourierIT-API.dll
C:\Users\Lathitha\OneDrive - University of Pretoria\2026 (final year)\INF 370\FourierIT\FourierIT-API\FourierIT.API.Tests\DocumentControllerTests.cs(60,81): warning CS8625: Cannot convert null literal to non-nullable reference type. [C:\Users\Lathitha\OneDrive - University of Pretoria\2026 (final year)\INF 370\FourierIT\FourierIT-API\FourierIT.API.Tests\FourierIT.API.Tests.csproj]
C:\Users\Lathitha\OneDrive - University of Pretoria\2026 (final year)\INF 370\FourierIT\FourierIT-API\FourierIT.API.Tests\UserControllerRegistrationOtpTests.cs(44,81): warning CS8625: Cannot convert null literal to non-nullable reference type. [C:\Users\Lathitha\OneDrive - University of Pretoria\2026 (final year)\INF 370\FourierIT\FourierIT-API\FourierIT.API.Tests\FourierIT.API.Tests.csproj]
C:\Users\Lathitha\OneDrive - University of Pretoria\2026 (final year)\INF 370\FourierIT\FourierIT-API\FourierIT.API.Tests\DocumentControllerTests.cs(131,81): warning CS8625: Cannot convert null literal to non-nullable reference type. [C:\Users\Lathitha\OneDrive - University of Pretoria\2026 (final year)\INF 370\FourierIT\FourierIT-API\FourierIT.API.Tests\FourierIT.API.Tests.csproj]
  FourierIT.API.Tests -> C:\Users\Lathitha\OneDrive - University of Pretoria\2026 (final year)\INF 370\FourierIT\FourierIT-API\FourierIT.API.Tests\bin\Debug\net8.0\FourierIT.API.Tests.dll
Test run for C:\Users\Lathitha\OneDrive - University of Pretoria\2026 %28final year%29\INF 370\FourierIT\FourierIT-API\FourierIT.API.Tests\bin\Debug\net8.0\FourierIT.API.Tests.dll (.NETCoreApp,Version=v8.0)
VSTest version 17.14.1 (x64)

Starting test execution, please wait...
A total of 1 test files matched the specified pattern.
dotnet : [xUnit.net 00:00:10.28]     FourierIT.API.Tests.UserControllerRegistra
tionOtpTests.Register_PendsUserUntilOtpIsVerified [FAIL]
At line:1 char:109
+ ... ierIT-API"; dotnet test FourierIT.API.Tests/FourierIT.API.Tests.cspro ...
+                 ~~~~~~~~~~~~~~~~~~~~~~~~~~~~~~~~~~~~~~~~~~~~~~~~~~~~~~~~~
    + CategoryInfo          : NotSpecified: ([xUnit.net 00:0...Verified [FAIL] 
   :String) [], RemoteException
    + FullyQualifiedErrorId : NativeCommandError
 
  Failed FourierIT.API.Tests.UserControllerRegistrationOtpTests.Register_PendsUserUntilOtpIsVerified [9 s]
  Error Message:
   System.InvalidOperationException : Sequence contains no matching element
  Stack Trace:
     at System.Linq.ThrowHelper.ThrowNoMatchException()
   at System.Linq.Enumerable.Single[TSource](IEnumerable`1 source, Func`2 predicate)
   at FourierIT.API.Tests.UserControllerRegistrationOtpTests.Register_PendsUserUntilOtpIsVerified() in C:\Users\Lathitha\OneDrive - University of Pretoria\2026 (final year)\INF 370\FourierIT\FourierIT-API\FourierIT.API.Tests\UserControllerRegistrationOtpTests.cs:line 124
   at FourierIT.API.Tests.UserControllerRegistrationOtpTests.Register_PendsUserUntilOtpIsVerified() in C:\Users\Lathitha\OneDrive - University of Pretoria\2026 (final year)\INF 370\FourierIT\FourierIT-API\FourierIT.API.Tests\UserControllerRegistrationOtpTests.cs:line 141
--- End of stack trace from previous location ---

Failed!  - Failed:     1, Passed:     0, Skipped:     0, Total:     1, Duration: 9 s - FourierIT.API.Tests.dll (net8.0)
